
> react@1.0.0 test
> react-scripts test --env=jsdom battleUtils.test.js --watchAll=false

node.exe : (node:24496) [DEP0040] DeprecationWarning: The `punycode` modul
e is deprecated. Please use a userland alternative instead.
At line:1 char:1
+ & "C:\Program Files\nodejs/node.exe" "C:\Program Files\nodejs/node_mo ..
.
+ ~~~~~~~~~~~~~~~~~~~~~~~~~~~~~~~~~~~~~~~~~~~~~~~~~~~~~~~~~~~~~~~~~~~~~
    + CategoryInfo          : NotSpecified: ((node:24496) [D...native ins 
   tead.:String) [], RemoteException
    + FullyQualifiedErrorId : NativeCommandError
 
(Use `node --trace-deprecation ...` to show where the warning was created)
FAIL src/__tests__/battleUtils.test.js
  battleUtils - start abilities refactored
    ÔêÜ START_BUFF gives attack buff to player pet (3 ms)
    ÔêÜ START_TEAM_SHIELD boosts HP of all allies (1 ms)
    ├ù START_FIRE damages all enemies and buffs source

  ÔùÅ battleUtils - start abilities refactored ÔÇ║ START_FIRE damages all 
enemies and buffs source

    ReferenceError: AM is not defined

    [0m [90m 261 |[39m         [36mif[39m (isPlayer) { triggerAnim(a
[33m.[39mid[33m,[39m [32m"buff"[39m)[33m;[39m spawnParticles(a[33m
.[39mid[33m,[39m [32m"fire"[39m)[33m;[39m }
     [90m 262 |[39m         [36mconst[39m targetLabel [33m=[39m isPl
ayer [33m?[39m [32m"d├╝┼şmanlara"[39m [33m:[39m [32m"oyuncu tak─▒m─
▒na"[39m[33m;[39m
    [31m[1m>[22m[39m[90m 263 |[39m         lg[33m.[39mpush([32m`­
şÉë ${pfx}${a.nick} ÔåÆ T├╝m ${targetLabel} ${AM.START_FIRE_DMG * m} hasar
${isPlayer ? ` + Kendine +${AM.START_FIRE_ATK_BUFF * m} ATK KALICI` : ""}`
[39m)[33m;[39m
     [90m     |[39m                                                     
       [31m[1m^[22m[39m
     [90m 264 |[39m         [36mif[39m (isPlayer) { [36mconst[39m de
ad [33m=[39m enemies[33m.[39mfilter(x [33m=>[39m x[33m.[39mcurHp 
[33m<=[39m [35m0[39m)[33m;[39m dead[33m.[39mforEach(d [33m=>[39m 
enemies[33m.[39msplice(enemies[33m.[39mindexOf(d)[33m,[39m [35m1[3
9m))[33m;[39m }
     [90m 265 |[39m         [36melse[39m { enemies[33m.[39mforEach((
x[33m,[39m xi) [33m=>[39m { enemies[xi] [33m=[39m { [33m...[39mx[
33m,[39m curHp[33m:[39m [33mMath[39m[33m.[39mmax([35m1[39m[33m,
[39m x[33m.[39mcurHp) }[33m;[39m })[33m;[39m }
     [90m 266 |[39m       }[0m

      at forEach (src/utils/battleUtils.js:263:60)
          at Array.forEach (<anonymous>)
      at applyStartAbilitiesForTeam (src/utils/battleUtils.js:174:8)
      at appStart (src/utils/battleUtils.js:329:3)
      at Object.<anonymous> (src/__tests__/battleUtils.test.js:45:32)
      at TestScheduler.scheduleTests (node_modules/@jest/core/build/TestSc
heduler.js:333:13)
      at runJest (node_modules/@jest/core/build/runJest.js:404:19)
      at _run10000 (node_modules/@jest/core/build/cli/index.js:320:7)
      at runCLI (node_modules/@jest/core/build/cli/index.js:173:3)

Test Suites: 1 failed, 1 total
Tests:       1 failed, 2 passed, 3 total
Snapshots:   0 total
Time:        0.961 s, estimated 1 s
Ran all test suites matching /battleUtils.test.js/i.
